root [type=0 kind=0 ctx=always]
  ui.menu.live [type=0 kind=0 ctx=always]
    ui.menu.return [type=0 kind=0 ctx=always]
    ui.menu.live.pred [type=1 kind=2 ctx=always]
    ui.menu.live.tyres [type=1 kind=2 ctx=always]
    ui.menu.live.lap [type=1 kind=2 ctx=always]
    ui.menu.live.fuel [type=1 kind=2 ctx=always]
    ui.menu.live.dashboard [type=1 kind=2 ctx=always]
  ui.menu.settings [type=0 kind=0 ctx=always]
    ui.menu.return [type=0 kind=0 ctx=always]
    ui.menu.app [type=0 kind=0 ctx=always]
      ui.menu.return [type=0 kind=0 ctx=always]
      ui.menu.app.language [type=1 kind=0 ctx=always]
      ui.menu.app.loglevel [type=1 kind=0 ctx=always]
      ui.menu.app.telemetrysource [type=1 kind=0 ctx=always]
      ui.menu.app.devtools [type=1 kind=0 ctx=always]
      ui.menu.app.experimental [type=1 kind=0 ctx=always]
    ui.menu.system [type=0 kind=0 ctx=always]
      ui.menu.return [type=0 kind=0 ctx=always]
      ui.menu.system.displayorientation [type=1 kind=0 ctx=always]
      ui.menu.system.setupmode [type=1 kind=0 ctx=always]
    ui.menu.bluetooth [type=0 kind=0 ctx=bluetooth]
      ui.menu.return [type=0 kind=0 ctx=bluetooth]
      ui.menu.bluetooth.device [type=1 kind=0 ctx=bluetooth]
      ui.menu.bluetooth.toggle [type=1 kind=0 ctx=bluetooth]
    ui.menu.synth [type=0 kind=0 ctx=always]
      ui.menu.return [type=0 kind=0 ctx=always]
      ui.menu.synth.samplerates [type=0 kind=0 ctx=always]
        ui.menu.return [type=0 kind=0 ctx=always]
        ui.menu.synth.internalsamplerate [type=1 kind=0 ctx=always]
      ui.menu.synth.mute [type=0 kind=0 ctx=always]
        ui.menu.return [type=0 kind=0 ctx=always]
        ui.menu.synth.mute.master [type=1 kind=0 ctx=always]
        ui.menu.synth.mute.channels [type=0 kind=0 ctx=always]
          ui.menu.return [type=0 kind=0 ctx=always]
          ui.menu.synth.mute.ch0 [type=1 kind=0 ctx=always]
          ui.menu.synth.mute.ch1 [type=1 kind=0 ctx=always]
        ui.menu.synth.mute.chassis [type=1 kind=0 ctx=always]
        ui.menu.synth.mute.engine [type=1 kind=0 ctx=always]
        ui.menu.synth.mute.transmission [type=1 kind=0 ctx=always]
      ui.menu.synth.gaincontrols [type=0 kind=0 ctx=always]
        ui.menu.return [type=0 kind=0 ctx=always]
        ui.menu.synth.mastergain [type=1 kind=0 ctx=always]
        ui.menu.synth.gain [type=0 kind=0 ctx=always]
          ui.menu.return [type=0 kind=0 ctx=always]
          ui.menu.synth.gain.ch0 [type=1 kind=0 ctx=always]
          ui.menu.synth.gain.ch1 [type=1 kind=0 ctx=always]
        ui.menu.synth.chassisgain [type=1 kind=0 ctx=always]
        ui.menu.synth.enginegain [type=1 kind=0 ctx=always]
        ui.menu.synth.transmissiongain [type=1 kind=0 ctx=always]
        ui.menu.synth.transmissiongainminrace [type=1 kind=0 ctx=always]
        ui.menu.synth.transmissiongainminstreet [type=1 kind=0 ctx=always]
        ui.menu.synth.eq [type=0 kind=0 ctx=always]
          ui.menu.return [type=0 kind=0 ctx=always]
          ui.menu.synth.eq.ch0 [type=1 kind=0 ctx=always]
          ui.menu.synth.eq.ch1 [type=1 kind=0 ctx=always]
        ui.menu.synth.drx [type=1 kind=0 ctx=always]
        ui.menu.synth.calibration [type=0 kind=0 ctx=always]
          ui.menu.return [type=0 kind=0 ctx=always]
          ui.menu.synth.calibration.enable [type=1 kind=0 ctx=always]
          ui.menu.synth.calibration.channel [type=1 kind=0 ctx=always]
          ui.menu.synth.calibration.frequency [type=1 kind=0 ctx=always]
          ui.menu.synth.calibration.sweep [type=1 kind=0 ctx=always]
          ui.menu.synth.calibration.sweeprange [type=1 kind=0 ctx=always]
    ui.menu.haptics [type=0 kind=0 ctx=always]
      ui.menu.return [type=0 kind=0 ctx=always]
      ui.menu.haptics.outputmode [type=1 kind=0 ctx=always]
      ui.menu.haptics.chassis [type=0 kind=0 ctx=always]
        ui.menu.return [type=0 kind=0 ctx=always]
        ui.menu.haptics.jerkcurve [type=1 kind=0 ctx=always]
        ui.menu.haptics.jerkpivot [type=1 kind=0 ctx=always]
        ui.menu.haptics.jerkpivotgain [type=1 kind=0 ctx=always]
        ui.menu.haptics.snapcurve [type=1 kind=0 ctx=always]
        ui.menu.haptics.snapmax [type=1 kind=0 ctx=always]
        ui.menu.haptics.pulsemaxamplitude [type=1 kind=0 ctx=always]
        ui.menu.haptics.pulseminfreq [type=1 kind=0 ctx=always]
        ui.menu.haptics.pulsemaxfreq [type=1 kind=0 ctx=always]
      ui.menu.haptics.transmission [type=0 kind=0 ctx=always]
        ui.menu.return [type=0 kind=0 ctx=always]
        ui.menu.haptics.transmissionffbstrength [type=1 kind=0 ctx=always]
        ui.menu.haptics.transmissionjerkcurve [type=1 kind=0 ctx=always]
        ui.menu.haptics.transmissionstepblend [type=1 kind=0 ctx=always]
      ui.menu.haptics.engineprofile [type=0 kind=0 ctx=always]
        ui.menu.return [type=0 kind=0 ctx=always]
        ui.menu.haptics.engineprimarybalance [type=1 kind=0 ctx=always]
        ui.menu.haptics.enginesecondarybalance [type=1 kind=0 ctx=always]
        ui.menu.haptics.enginepulsegain [type=1 kind=0 ctx=always]
        ui.menu.haptics.enginepulsescale [type=1 kind=0 ctx=always]
      ui.menu.haptics.routing [type=0 kind=0 ctx=always]
        ui.menu.return [type=0 kind=0 ctx=always]
        ui.menu.haptics.routing.engine [type=0 kind=0 ctx=always]
          ui.menu.return [type=0 kind=0 ctx=always]
          ui.menu.haptics.routing.engine.ch0 [type=1 kind=0 ctx=always]
          ui.menu.haptics.routing.engine.ch1 [type=1 kind=0 ctx=always]
        ui.menu.haptics.routing.chassis [type=0 kind=0 ctx=always]
          ui.menu.return [type=0 kind=0 ctx=always]
          ui.menu.haptics.routing.chassis.ch0 [type=1 kind=0 ctx=always]
          ui.menu.haptics.routing.chassis.ch1 [type=1 kind=0 ctx=always]
        ui.menu.haptics.routing.transmission [type=0 kind=0 ctx=always]
          ui.menu.return [type=0 kind=0 ctx=always]
          ui.menu.haptics.routing.transmission.ch0 [type=1 kind=0 ctx=always]
          ui.menu.haptics.routing.transmission.ch1 [type=1 kind=0 ctx=always]
    ui.menu.fan [type=0 kind=0 ctx=experimental]
      ui.menu.return [type=0 kind=0 ctx=experimental]
      ui.menu.fan.enable [type=1 kind=0 ctx=experimental]
      ui.menu.fan.mode [type=1 kind=0 ctx=experimental]
      ui.menu.fan.windsim.maxspeed [type=1 kind=0 ctx=experimental]
      ui.menu.fan.commandtimeout [type=1 kind=0 ctx=experimental]
    ui.menu.pitradio [type=0 kind=0 ctx=always]
      ui.menu.return [type=0 kind=0 ctx=always]
      ui.menu.pitradio.enable [type=1 kind=0 ctx=always]
      ui.menu.pitradio.volume [type=1 kind=0 ctx=always]
      ui.menu.pitradio.notifications [type=0 kind=0 ctx=always]
        ui.menu.return [type=0 kind=0 ctx=always]
        ui.menu.pitradio.laptimes [type=0 kind=0 ctx=always]
          ui.menu.return [type=0 kind=0 ctx=always]
          ui.menu.pitradio.laptimesenable [type=1 kind=0 ctx=always]
          ui.menu.pitradio.laptimesmaxdelta [type=1 kind=0 ctx=always]
        ui.menu.pitradio.racelaps [type=0 kind=0 ctx=always]
          ui.menu.return [type=0 kind=0 ctx=always]
          ui.menu.pitradio.racelapsenable [type=1 kind=0 ctx=always]
          ui.menu.pitradio.racelapscountdown [type=1 kind=0 ctx=always]
          ui.menu.pitradio.racelapsinterval [type=1 kind=0 ctx=always]
        ui.menu.pitradio.raceprogress [type=0 kind=0 ctx=always]
          ui.menu.return [type=0 kind=0 ctx=always]
          ui.menu.pitradio.raceprogressenable [type=1 kind=0 ctx=always]
          ui.menu.pitradio.raceprogressminlaps [type=1 kind=0 ctx=always]
          ui.menu.pitradio.raceprogressinterval [type=1 kind=0 ctx=always]
      ui.menu.pitradio.fuel [type=0 kind=0 ctx=always]
        ui.menu.return [type=0 kind=0 ctx=always]
        ui.menu.pitradio.fuelenable [type=1 kind=0 ctx=always]
        ui.menu.pitradio.fuelprewarn [type=1 kind=0 ctx=always]
        ui.menu.pitradio.fuelstrategy [type=1 kind=0 ctx=always]
        ui.menu.pitradio.fuelsafetylaps [type=1 kind=0 ctx=always]
        ui.menu.pitradio.fuelsafetymetres [type=1 kind=0 ctx=always]
      ui.menu.pitradio.tyre [type=0 kind=0 ctx=always]
        ui.menu.return [type=0 kind=0 ctx=always]
        ui.menu.pitradio.tyreenable [type=1 kind=0 ctx=always]
        ui.menu.pitradio.tyretempoptimal [type=1 kind=0 ctx=always]
        ui.menu.pitradio.tyretempwindow [type=1 kind=0 ctx=always]
        ui.menu.pitradio.tyretempmargin [type=1 kind=0 ctx=always]
  ui.menu.info [type=0 kind=0 ctx=always]
    ui.menu.return [type=0 kind=0 ctx=always]
    ui.menu.info.version [type=1 kind=1 ctx=always]
    ui.menu.info.commithash [type=1 kind=1 ctx=always]
    ui.menu.info.buildtime [type=1 kind=1 ctx=always]
    ui.menu.info.platform [type=1 kind=1 ctx=always]
    ui.menu.info.ipaddress [type=1 kind=1 ctx=always]
  ui.menu.devtools [type=0 kind=0 ctx=devtools]
    ui.menu.return [type=0 kind=0 ctx=devtools]
    ui.menu.devtools.record [type=1 kind=0 ctx=devtools]
